// Vitest Snapshot v1, https://vitest.dev/guide/snapshot.html

exports[`Badge Component Snapshots > accessibility > renders badge with aria-describedby 1`] = `
<span
  aria-describedby="badge-help"
  class="inline-flex items-center justify-center rounded-md border px-2 py-0.5 text-xs font-medium w-fit whitespace-nowrap shrink-0 [&>svg]:size-3 gap-1 [&>svg]:pointer-events-none focus-visible:border-ring focus-visible:ring-ring/50 focus-visible:ring-[3px] aria-invalid:ring-destructive/20 dark:aria-invalid:ring-destructive/40 aria-invalid:border-destructive transition-[color,box-shadow] overflow-hidden border-transparent bg-primary text-primary-foreground [a&]:hover:bg-primary/90"
  data-slot="badge"
>
  Status
</span>
`;

exports[`Badge Component Snapshots > accessibility > renders badge with aria-invalid 1`] = `
<span
  aria-invalid="true"
  class="inline-flex items-center justify-center rounded-md border px-2 py-0.5 text-xs font-medium w-fit whitespace-nowrap shrink-0 [&>svg]:size-3 gap-1 [&>svg]:pointer-events-none focus-visible:border-ring focus-visible:ring-ring/50 focus-visible:ring-[3px] aria-invalid:ring-destructive/20 dark:aria-invalid:ring-destructive/40 aria-invalid:border-destructive transition-[color,box-shadow] overflow-hidden border-transparent bg-primary text-primary-foreground [a&]:hover:bg-primary/90"
  data-slot="badge"
>
  Error
</span>
`;

exports[`Badge Component Snapshots > accessibility > renders badge with aria-label 1`] = `
<span
  aria-label="Status indicator"
  class="inline-flex items-center justify-center rounded-md border px-2 py-0.5 text-xs font-medium w-fit whitespace-nowrap shrink-0 [&>svg]:size-3 gap-1 [&>svg]:pointer-events-none focus-visible:border-ring focus-visible:ring-ring/50 focus-visible:ring-[3px] aria-invalid:ring-destructive/20 dark:aria-invalid:ring-destructive/40 aria-invalid:border-destructive transition-[color,box-shadow] overflow-hidden border-transparent bg-primary text-primary-foreground [a&]:hover:bg-primary/90"
  data-slot="badge"
>
  5
</span>
`;

exports[`Badge Component Snapshots > combined variants and customization > renders destructive badge as link 1`] = `
<a
  class="inline-flex items-center justify-center rounded-md border px-2 py-0.5 text-xs font-medium w-fit whitespace-nowrap shrink-0 [&>svg]:size-3 gap-1 [&>svg]:pointer-events-none focus-visible:border-ring focus-visible:ring-[3px] aria-invalid:ring-destructive/20 dark:aria-invalid:ring-destructive/40 aria-invalid:border-destructive transition-[color,box-shadow] overflow-hidden border-transparent bg-destructive text-white [a&]:hover:bg-destructive/90 focus-visible:ring-destructive/20 dark:focus-visible:ring-destructive/40 dark:bg-destructive/60"
  data-slot="badge"
  href="/danger"
>
  Danger Link
</a>
`;

exports[`Badge Component Snapshots > combined variants and customization > renders outline badge with custom class 1`] = `
<span
  class="inline-flex items-center justify-center rounded-md border px-2 py-0.5 text-xs font-medium w-fit whitespace-nowrap shrink-0 [&>svg]:size-3 gap-1 [&>svg]:pointer-events-none focus-visible:border-ring focus-visible:ring-ring/50 focus-visible:ring-[3px] aria-invalid:ring-destructive/20 dark:aria-invalid:ring-destructive/40 aria-invalid:border-destructive transition-[color,box-shadow] overflow-hidden text-foreground [a&]:hover:bg-accent [a&]:hover:text-accent-foreground hover:bg-blue-100"
  data-slot="badge"
>
  Outline Custom
</span>
`;

exports[`Badge Component Snapshots > combined variants and customization > renders secondary badge with accessibility attributes 1`] = `
<span
  aria-label="Notification count"
  class="inline-flex items-center justify-center rounded-md border px-2 py-0.5 text-xs font-medium w-fit whitespace-nowrap shrink-0 [&>svg]:size-3 gap-1 [&>svg]:pointer-events-none focus-visible:border-ring focus-visible:ring-ring/50 focus-visible:ring-[3px] aria-invalid:ring-destructive/20 dark:aria-invalid:ring-destructive/40 aria-invalid:border-destructive transition-[color,box-shadow] overflow-hidden border-transparent bg-secondary text-secondary-foreground [a&]:hover:bg-secondary/90"
  data-slot="badge"
  role="status"
>
  3
</span>
`;

exports[`Badge Component Snapshots > content types > renders badge with emoji 1`] = `
<span
  class="inline-flex items-center justify-center rounded-md border px-2 py-0.5 text-xs font-medium w-fit whitespace-nowrap shrink-0 [&>svg]:size-3 gap-1 [&>svg]:pointer-events-none focus-visible:border-ring focus-visible:ring-ring/50 focus-visible:ring-[3px] aria-invalid:ring-destructive/20 dark:aria-invalid:ring-destructive/40 aria-invalid:border-destructive transition-[color,box-shadow] overflow-hidden border-transparent bg-primary text-primary-foreground [a&]:hover:bg-primary/90"
  data-slot="badge"
>
  ğŸ”¥ Hot
</span>
`;

exports[`Badge Component Snapshots > content types > renders badge with longer text 1`] = `
<span
  class="inline-flex items-center justify-center rounded-md border px-2 py-0.5 text-xs font-medium w-fit whitespace-nowrap shrink-0 [&>svg]:size-3 gap-1 [&>svg]:pointer-events-none focus-visible:border-ring focus-visible:ring-ring/50 focus-visible:ring-[3px] aria-invalid:ring-destructive/20 dark:aria-invalid:ring-destructive/40 aria-invalid:border-destructive transition-[color,box-shadow] overflow-hidden border-transparent bg-primary text-primary-foreground [a&]:hover:bg-primary/90"
  data-slot="badge"
>
  In Progress
</span>
`;

exports[`Badge Component Snapshots > content types > renders badge with number 1`] = `
<span
  class="inline-flex items-center justify-center rounded-md border px-2 py-0.5 text-xs font-medium w-fit whitespace-nowrap shrink-0 [&>svg]:size-3 gap-1 [&>svg]:pointer-events-none focus-visible:border-ring focus-visible:ring-ring/50 focus-visible:ring-[3px] aria-invalid:ring-destructive/20 dark:aria-invalid:ring-destructive/40 aria-invalid:border-destructive transition-[color,box-shadow] overflow-hidden border-transparent bg-primary text-primary-foreground [a&]:hover:bg-primary/90"
  data-slot="badge"
>
  42
</span>
`;

exports[`Badge Component Snapshots > content types > renders badge with short text 1`] = `
<span
  class="inline-flex items-center justify-center rounded-md border px-2 py-0.5 text-xs font-medium w-fit whitespace-nowrap shrink-0 [&>svg]:size-3 gap-1 [&>svg]:pointer-events-none focus-visible:border-ring focus-visible:ring-ring/50 focus-visible:ring-[3px] aria-invalid:ring-destructive/20 dark:aria-invalid:ring-destructive/40 aria-invalid:border-destructive transition-[color,box-shadow] overflow-hidden border-transparent bg-primary text-primary-foreground [a&]:hover:bg-primary/90"
  data-slot="badge"
>
  New
</span>
`;

exports[`Badge Component Snapshots > content types > renders badge with text only 1`] = `
<span
  class="inline-flex items-center justify-center rounded-md border px-2 py-0.5 text-xs font-medium w-fit whitespace-nowrap shrink-0 [&>svg]:size-3 gap-1 [&>svg]:pointer-events-none focus-visible:border-ring focus-visible:ring-ring/50 focus-visible:ring-[3px] aria-invalid:ring-destructive/20 dark:aria-invalid:ring-destructive/40 aria-invalid:border-destructive transition-[color,box-shadow] overflow-hidden border-transparent bg-primary text-primary-foreground [a&]:hover:bg-primary/90"
  data-slot="badge"
>
  Text Badge
</span>
`;

exports[`Badge Component Snapshots > customization > renders badge as child component 1`] = `
<a
  class="inline-flex items-center justify-center rounded-md border px-2 py-0.5 text-xs font-medium w-fit whitespace-nowrap shrink-0 [&>svg]:size-3 gap-1 [&>svg]:pointer-events-none focus-visible:border-ring focus-visible:ring-ring/50 focus-visible:ring-[3px] aria-invalid:ring-destructive/20 dark:aria-invalid:ring-destructive/40 aria-invalid:border-destructive transition-[color,box-shadow] overflow-hidden border-transparent bg-primary text-primary-foreground [a&]:hover:bg-primary/90"
  data-slot="badge"
  href="/link"
>
  Link Badge
</a>
`;

exports[`Badge Component Snapshots > customization > renders badge with custom attributes 1`] = `
<span
  class="inline-flex items-center justify-center rounded-md border px-2 py-0.5 text-xs font-medium w-fit whitespace-nowrap shrink-0 [&>svg]:size-3 gap-1 [&>svg]:pointer-events-none focus-visible:border-ring focus-visible:ring-ring/50 focus-visible:ring-[3px] aria-invalid:ring-destructive/20 dark:aria-invalid:ring-destructive/40 aria-invalid:border-destructive transition-[color,box-shadow] overflow-hidden border-transparent bg-primary text-primary-foreground [a&]:hover:bg-primary/90"
  data-slot="badge"
  data-testid="test-badge"
  id="custom-badge"
  title="Badge tooltip"
>
  Custom Badge
</span>
`;

exports[`Badge Component Snapshots > customization > renders badge with custom className 1`] = `
<span
  class="inline-flex items-center justify-center rounded-md border px-2 py-0.5 text-xs font-medium w-fit whitespace-nowrap shrink-0 [&>svg]:size-3 gap-1 [&>svg]:pointer-events-none focus-visible:border-ring focus-visible:ring-ring/50 focus-visible:ring-[3px] aria-invalid:ring-destructive/20 dark:aria-invalid:ring-destructive/40 aria-invalid:border-destructive transition-[color,box-shadow] overflow-hidden border-transparent bg-primary text-primary-foreground [a&]:hover:bg-primary/90 custom-badge"
  data-slot="badge"
>
  Custom Badge
</span>
`;

exports[`Badge Component Snapshots > empty and edge cases > renders badge with only whitespace 1`] = `
<span
  class="inline-flex items-center justify-center rounded-md border px-2 py-0.5 text-xs font-medium w-fit whitespace-nowrap shrink-0 [&>svg]:size-3 gap-1 [&>svg]:pointer-events-none focus-visible:border-ring focus-visible:ring-ring/50 focus-visible:ring-[3px] aria-invalid:ring-destructive/20 dark:aria-invalid:ring-destructive/40 aria-invalid:border-destructive transition-[color,box-shadow] overflow-hidden border-transparent bg-primary text-primary-foreground [a&]:hover:bg-primary/90"
  data-slot="badge"
>
   
</span>
`;

exports[`Badge Component Snapshots > empty and edge cases > renders badge with zero 1`] = `
<span
  class="inline-flex items-center justify-center rounded-md border px-2 py-0.5 text-xs font-medium w-fit whitespace-nowrap shrink-0 [&>svg]:size-3 gap-1 [&>svg]:pointer-events-none focus-visible:border-ring focus-visible:ring-ring/50 focus-visible:ring-[3px] aria-invalid:ring-destructive/20 dark:aria-invalid:ring-destructive/40 aria-invalid:border-destructive transition-[color,box-shadow] overflow-hidden border-transparent bg-primary text-primary-foreground [a&]:hover:bg-primary/90"
  data-slot="badge"
>
  0
</span>
`;

exports[`Badge Component Snapshots > empty and edge cases > renders empty badge 1`] = `
<span
  class="inline-flex items-center justify-center rounded-md border px-2 py-0.5 text-xs font-medium w-fit whitespace-nowrap shrink-0 [&>svg]:size-3 gap-1 [&>svg]:pointer-events-none focus-visible:border-ring focus-visible:ring-ring/50 focus-visible:ring-[3px] aria-invalid:ring-destructive/20 dark:aria-invalid:ring-destructive/40 aria-invalid:border-destructive transition-[color,box-shadow] overflow-hidden border-transparent bg-primary text-primary-foreground [a&]:hover:bg-primary/90"
  data-slot="badge"
/>
`;

exports[`Badge Component Snapshots > variants > renders default variant 1`] = `
<span
  class="inline-flex items-center justify-center rounded-md border px-2 py-0.5 text-xs font-medium w-fit whitespace-nowrap shrink-0 [&>svg]:size-3 gap-1 [&>svg]:pointer-events-none focus-visible:border-ring focus-visible:ring-ring/50 focus-visible:ring-[3px] aria-invalid:ring-destructive/20 dark:aria-invalid:ring-destructive/40 aria-invalid:border-destructive transition-[color,box-shadow] overflow-hidden border-transparent bg-primary text-primary-foreground [a&]:hover:bg-primary/90"
  data-slot="badge"
>
  Default Badge
</span>
`;

exports[`Badge Component Snapshots > variants > renders destructive variant 1`] = `
<span
  class="inline-flex items-center justify-center rounded-md border px-2 py-0.5 text-xs font-medium w-fit whitespace-nowrap shrink-0 [&>svg]:size-3 gap-1 [&>svg]:pointer-events-none focus-visible:border-ring focus-visible:ring-[3px] aria-invalid:ring-destructive/20 dark:aria-invalid:ring-destructive/40 aria-invalid:border-destructive transition-[color,box-shadow] overflow-hidden border-transparent bg-destructive text-white [a&]:hover:bg-destructive/90 focus-visible:ring-destructive/20 dark:focus-visible:ring-destructive/40 dark:bg-destructive/60"
  data-slot="badge"
>
  Destructive Badge
</span>
`;

exports[`Badge Component Snapshots > variants > renders outline variant 1`] = `
<span
  class="inline-flex items-center justify-center rounded-md border px-2 py-0.5 text-xs font-medium w-fit whitespace-nowrap shrink-0 [&>svg]:size-3 gap-1 [&>svg]:pointer-events-none focus-visible:border-ring focus-visible:ring-ring/50 focus-visible:ring-[3px] aria-invalid:ring-destructive/20 dark:aria-invalid:ring-destructive/40 aria-invalid:border-destructive transition-[color,box-shadow] overflow-hidden text-foreground [a&]:hover:bg-accent [a&]:hover:text-accent-foreground"
  data-slot="badge"
>
  Outline Badge
</span>
`;

exports[`Badge Component Snapshots > variants > renders secondary variant 1`] = `
<span
  class="inline-flex items-center justify-center rounded-md border px-2 py-0.5 text-xs font-medium w-fit whitespace-nowrap shrink-0 [&>svg]:size-3 gap-1 [&>svg]:pointer-events-none focus-visible:border-ring focus-visible:ring-ring/50 focus-visible:ring-[3px] aria-invalid:ring-destructive/20 dark:aria-invalid:ring-destructive/40 aria-invalid:border-destructive transition-[color,box-shadow] overflow-hidden border-transparent bg-secondary text-secondary-foreground [a&]:hover:bg-secondary/90"
  data-slot="badge"
>
  Secondary Badge
</span>
`;
