// Vitest Snapshot v1, https://vitest.dev/guide/snapshot.html

exports[`Tabs Component Snapshots > Tabs root > renders basic tabs container 1`] = `
<div
  class="flex flex-col gap-2"
  data-orientation="horizontal"
  data-slot="tabs"
  dir="ltr"
>
  <div
    aria-orientation="horizontal"
    class="bg-muted text-muted-foreground inline-flex h-9 w-fit items-center justify-center rounded-lg p-[3px]"
    data-orientation="horizontal"
    data-slot="tabs-list"
    role="tablist"
    style="outline: none;"
    tabindex="0"
  >
    <button
      aria-controls="radix-«r0»-content-tab1"
      aria-selected="true"
      class="data-[state=active]:bg-background dark:data-[state=active]:text-foreground focus-visible:border-ring focus-visible:ring-ring/50 focus-visible:outline-ring dark:data-[state=active]:border-input dark:data-[state=active]:bg-input/30 text-foreground dark:text-muted-foreground inline-flex h-[calc(100%-1px)] flex-1 items-center justify-center gap-1.5 rounded-md border border-transparent px-2 py-1 text-sm font-medium whitespace-nowrap transition-[color,box-shadow] focus-visible:ring-[3px] focus-visible:outline-1 disabled:pointer-events-none disabled:opacity-50 data-[state=active]:shadow-sm [&_svg]:pointer-events-none [&_svg]:shrink-0 [&_svg:not([class*='size-'])]:size-4"
      data-orientation="horizontal"
      data-radix-collection-item=""
      data-slot="tabs-trigger"
      data-state="active"
      id="radix-«r0»-trigger-tab1"
      role="tab"
      tabindex="-1"
      type="button"
    >
      Tab 1
    </button>
  </div>
  <div
    aria-labelledby="radix-«r0»-trigger-tab1"
    class="flex-1 outline-none"
    data-orientation="horizontal"
    data-slot="tabs-content"
    data-state="active"
    id="radix-«r0»-content-tab1"
    role="tabpanel"
    style="animation-duration: 0s;"
    tabindex="0"
  >
    Content 1
  </div>
</div>
`;

exports[`Tabs Component Snapshots > Tabs root > renders tabs with custom className 1`] = `
<div
  class="flex flex-col gap-2 custom-tabs"
  data-orientation="horizontal"
  data-slot="tabs"
  dir="ltr"
>
  <div
    aria-orientation="horizontal"
    class="bg-muted text-muted-foreground inline-flex h-9 w-fit items-center justify-center rounded-lg p-[3px]"
    data-orientation="horizontal"
    data-slot="tabs-list"
    role="tablist"
    style="outline: none;"
    tabindex="0"
  >
    <button
      aria-controls="radix-«r2»-content-tab1"
      aria-selected="true"
      class="data-[state=active]:bg-background dark:data-[state=active]:text-foreground focus-visible:border-ring focus-visible:ring-ring/50 focus-visible:outline-ring dark:data-[state=active]:border-input dark:data-[state=active]:bg-input/30 text-foreground dark:text-muted-foreground inline-flex h-[calc(100%-1px)] flex-1 items-center justify-center gap-1.5 rounded-md border border-transparent px-2 py-1 text-sm font-medium whitespace-nowrap transition-[color,box-shadow] focus-visible:ring-[3px] focus-visible:outline-1 disabled:pointer-events-none disabled:opacity-50 data-[state=active]:shadow-sm [&_svg]:pointer-events-none [&_svg]:shrink-0 [&_svg:not([class*='size-'])]:size-4"
      data-orientation="horizontal"
      data-radix-collection-item=""
      data-slot="tabs-trigger"
      data-state="active"
      id="radix-«r2»-trigger-tab1"
      role="tab"
      tabindex="-1"
      type="button"
    >
      Tab 1
    </button>
  </div>
  <div
    aria-labelledby="radix-«r2»-trigger-tab1"
    class="flex-1 outline-none"
    data-orientation="horizontal"
    data-slot="tabs-content"
    data-state="active"
    id="radix-«r2»-content-tab1"
    role="tabpanel"
    style="animation-duration: 0s;"
    tabindex="0"
  >
    Content 1
  </div>
</div>
`;

exports[`Tabs Component Snapshots > accessibility > renders tabs with aria attributes 1`] = `
<div
  aria-label="Example tabs"
  class="flex flex-col gap-2"
  data-orientation="horizontal"
  data-slot="tabs"
  dir="ltr"
>
  <div
    aria-orientation="horizontal"
    class="bg-muted text-muted-foreground inline-flex h-9 w-fit items-center justify-center rounded-lg p-[3px]"
    data-orientation="horizontal"
    data-slot="tabs-list"
    role="tablist"
    style="outline: none;"
    tabindex="0"
  >
    <button
      aria-controls="accessible-content"
      aria-selected="true"
      class="data-[state=active]:bg-background dark:data-[state=active]:text-foreground focus-visible:border-ring focus-visible:ring-ring/50 focus-visible:outline-ring dark:data-[state=active]:border-input dark:data-[state=active]:bg-input/30 text-foreground dark:text-muted-foreground inline-flex h-[calc(100%-1px)] flex-1 items-center justify-center gap-1.5 rounded-md border border-transparent px-2 py-1 text-sm font-medium whitespace-nowrap transition-[color,box-shadow] focus-visible:ring-[3px] focus-visible:outline-1 disabled:pointer-events-none disabled:opacity-50 data-[state=active]:shadow-sm [&_svg]:pointer-events-none [&_svg]:shrink-0 [&_svg:not([class*='size-'])]:size-4"
      data-orientation="horizontal"
      data-radix-collection-item=""
      data-slot="tabs-trigger"
      data-state="active"
      id="radix-«ri»-trigger-accessible"
      role="tab"
      tabindex="-1"
      type="button"
    >
      Accessible Tab
    </button>
  </div>
  <div
    aria-labelledby="radix-«ri»-trigger-accessible"
    class="flex-1 outline-none"
    data-orientation="horizontal"
    data-slot="tabs-content"
    data-state="active"
    id="accessible-content"
    role="tabpanel"
    style="animation-duration: 0s;"
    tabindex="0"
  >
    <p>
      Accessible content with proper ARIA attributes.
    </p>
  </div>
</div>
`;

exports[`Tabs Component Snapshots > complete tabs examples > renders simple two-tab example 1`] = `
<div
  class="flex flex-col gap-2"
  data-orientation="horizontal"
  data-slot="tabs"
  dir="ltr"
>
  <div
    aria-orientation="horizontal"
    class="bg-muted text-muted-foreground inline-flex h-9 w-fit items-center justify-center rounded-lg p-[3px]"
    data-orientation="horizontal"
    data-slot="tabs-list"
    role="tablist"
    style="outline: none;"
    tabindex="0"
  >
    <button
      aria-controls="radix-«r4»-content-account"
      aria-selected="true"
      class="data-[state=active]:bg-background dark:data-[state=active]:text-foreground focus-visible:border-ring focus-visible:ring-ring/50 focus-visible:outline-ring dark:data-[state=active]:border-input dark:data-[state=active]:bg-input/30 text-foreground dark:text-muted-foreground inline-flex h-[calc(100%-1px)] flex-1 items-center justify-center gap-1.5 rounded-md border border-transparent px-2 py-1 text-sm font-medium whitespace-nowrap transition-[color,box-shadow] focus-visible:ring-[3px] focus-visible:outline-1 disabled:pointer-events-none disabled:opacity-50 data-[state=active]:shadow-sm [&_svg]:pointer-events-none [&_svg]:shrink-0 [&_svg:not([class*='size-'])]:size-4"
      data-orientation="horizontal"
      data-radix-collection-item=""
      data-slot="tabs-trigger"
      data-state="active"
      id="radix-«r4»-trigger-account"
      role="tab"
      tabindex="-1"
      type="button"
    >
      Account
    </button>
    <button
      aria-controls="radix-«r4»-content-password"
      aria-selected="false"
      class="data-[state=active]:bg-background dark:data-[state=active]:text-foreground focus-visible:border-ring focus-visible:ring-ring/50 focus-visible:outline-ring dark:data-[state=active]:border-input dark:data-[state=active]:bg-input/30 text-foreground dark:text-muted-foreground inline-flex h-[calc(100%-1px)] flex-1 items-center justify-center gap-1.5 rounded-md border border-transparent px-2 py-1 text-sm font-medium whitespace-nowrap transition-[color,box-shadow] focus-visible:ring-[3px] focus-visible:outline-1 disabled:pointer-events-none disabled:opacity-50 data-[state=active]:shadow-sm [&_svg]:pointer-events-none [&_svg]:shrink-0 [&_svg:not([class*='size-'])]:size-4"
      data-orientation="horizontal"
      data-radix-collection-item=""
      data-slot="tabs-trigger"
      data-state="inactive"
      id="radix-«r4»-trigger-password"
      role="tab"
      tabindex="-1"
      type="button"
    >
      Password
    </button>
  </div>
  <div
    aria-labelledby="radix-«r4»-trigger-account"
    class="flex-1 outline-none"
    data-orientation="horizontal"
    data-slot="tabs-content"
    data-state="active"
    id="radix-«r4»-content-account"
    role="tabpanel"
    style="animation-duration: 0s;"
    tabindex="0"
  >
    <p>
      Make changes to your account here.
    </p>
  </div>
  <div
    aria-labelledby="radix-«r4»-trigger-password"
    class="flex-1 outline-none"
    data-orientation="horizontal"
    data-slot="tabs-content"
    data-state="inactive"
    hidden=""
    id="radix-«r4»-content-password"
    role="tabpanel"
    tabindex="0"
  />
</div>
`;

exports[`Tabs Component Snapshots > complete tabs examples > renders tabs with custom styling 1`] = `
<div
  class="flex flex-col gap-2 w-full"
  data-orientation="horizontal"
  data-slot="tabs"
  dir="ltr"
>
  <div
    aria-orientation="horizontal"
    class="bg-muted text-muted-foreground h-9 items-center justify-center rounded-lg p-[3px] grid w-full grid-cols-2"
    data-orientation="horizontal"
    data-slot="tabs-list"
    role="tablist"
    style="outline: none;"
    tabindex="0"
  >
    <button
      aria-controls="radix-«rf»-content-custom"
      aria-selected="true"
      class="data-[state=active]:bg-background dark:data-[state=active]:text-foreground focus-visible:border-ring focus-visible:ring-ring/50 focus-visible:outline-ring dark:data-[state=active]:border-input dark:data-[state=active]:bg-input/30 dark:text-muted-foreground inline-flex h-[calc(100%-1px)] flex-1 items-center justify-center gap-1.5 rounded-md border border-transparent px-2 py-1 text-sm font-medium whitespace-nowrap transition-[color,box-shadow] focus-visible:ring-[3px] focus-visible:outline-1 disabled:pointer-events-none disabled:opacity-50 data-[state=active]:shadow-sm [&_svg]:pointer-events-none [&_svg]:shrink-0 [&_svg:not([class*='size-'])]:size-4 text-blue-600"
      data-orientation="horizontal"
      data-radix-collection-item=""
      data-slot="tabs-trigger"
      data-state="active"
      id="radix-«rf»-trigger-custom"
      role="tab"
      tabindex="-1"
      type="button"
    >
      Custom Tab 1
    </button>
    <button
      aria-controls="radix-«rf»-content-styled"
      aria-selected="false"
      class="data-[state=active]:bg-background dark:data-[state=active]:text-foreground focus-visible:border-ring focus-visible:ring-ring/50 focus-visible:outline-ring dark:data-[state=active]:border-input dark:data-[state=active]:bg-input/30 dark:text-muted-foreground inline-flex h-[calc(100%-1px)] flex-1 items-center justify-center gap-1.5 rounded-md border border-transparent px-2 py-1 text-sm font-medium whitespace-nowrap transition-[color,box-shadow] focus-visible:ring-[3px] focus-visible:outline-1 disabled:pointer-events-none disabled:opacity-50 data-[state=active]:shadow-sm [&_svg]:pointer-events-none [&_svg]:shrink-0 [&_svg:not([class*='size-'])]:size-4 text-green-600"
      data-orientation="horizontal"
      data-radix-collection-item=""
      data-slot="tabs-trigger"
      data-state="inactive"
      id="radix-«rf»-trigger-styled"
      role="tab"
      tabindex="-1"
      type="button"
    >
      Custom Tab 2
    </button>
  </div>
  <div
    aria-labelledby="radix-«rf»-trigger-custom"
    class="flex-1 outline-none mt-4 p-4 border rounded"
    data-orientation="horizontal"
    data-slot="tabs-content"
    data-state="active"
    id="radix-«rf»-content-custom"
    role="tabpanel"
    style="animation-duration: 0s;"
    tabindex="0"
  >
    <p>
      Custom styled content area.
    </p>
  </div>
  <div
    aria-labelledby="radix-«rf»-trigger-styled"
    class="flex-1 outline-none mt-4 p-4 border rounded"
    data-orientation="horizontal"
    data-slot="tabs-content"
    data-state="inactive"
    hidden=""
    id="radix-«rf»-content-styled"
    role="tabpanel"
    tabindex="0"
  />
</div>
`;

exports[`Tabs Component Snapshots > complete tabs examples > renders tabs with disabled tab 1`] = `
<div
  class="flex flex-col gap-2"
  data-orientation="horizontal"
  data-slot="tabs"
  dir="ltr"
>
  <div
    aria-orientation="horizontal"
    class="bg-muted text-muted-foreground inline-flex h-9 w-fit items-center justify-center rounded-lg p-[3px]"
    data-orientation="horizontal"
    data-slot="tabs-list"
    role="tablist"
    style="outline: none;"
    tabindex="0"
  >
    <button
      aria-controls="radix-«rb»-content-available"
      aria-selected="true"
      class="data-[state=active]:bg-background dark:data-[state=active]:text-foreground focus-visible:border-ring focus-visible:ring-ring/50 focus-visible:outline-ring dark:data-[state=active]:border-input dark:data-[state=active]:bg-input/30 text-foreground dark:text-muted-foreground inline-flex h-[calc(100%-1px)] flex-1 items-center justify-center gap-1.5 rounded-md border border-transparent px-2 py-1 text-sm font-medium whitespace-nowrap transition-[color,box-shadow] focus-visible:ring-[3px] focus-visible:outline-1 disabled:pointer-events-none disabled:opacity-50 data-[state=active]:shadow-sm [&_svg]:pointer-events-none [&_svg]:shrink-0 [&_svg:not([class*='size-'])]:size-4"
      data-orientation="horizontal"
      data-radix-collection-item=""
      data-slot="tabs-trigger"
      data-state="active"
      id="radix-«rb»-trigger-available"
      role="tab"
      tabindex="-1"
      type="button"
    >
      Available
    </button>
    <button
      aria-controls="radix-«rb»-content-disabled"
      aria-selected="false"
      class="data-[state=active]:bg-background dark:data-[state=active]:text-foreground focus-visible:border-ring focus-visible:ring-ring/50 focus-visible:outline-ring dark:data-[state=active]:border-input dark:data-[state=active]:bg-input/30 text-foreground dark:text-muted-foreground inline-flex h-[calc(100%-1px)] flex-1 items-center justify-center gap-1.5 rounded-md border border-transparent px-2 py-1 text-sm font-medium whitespace-nowrap transition-[color,box-shadow] focus-visible:ring-[3px] focus-visible:outline-1 disabled:pointer-events-none disabled:opacity-50 data-[state=active]:shadow-sm [&_svg]:pointer-events-none [&_svg]:shrink-0 [&_svg:not([class*='size-'])]:size-4"
      data-disabled=""
      data-orientation="horizontal"
      data-radix-collection-item=""
      data-slot="tabs-trigger"
      data-state="inactive"
      disabled=""
      id="radix-«rb»-trigger-disabled"
      role="tab"
      tabindex="-1"
      type="button"
    >
      Disabled
    </button>
    <button
      aria-controls="radix-«rb»-content-another"
      aria-selected="false"
      class="data-[state=active]:bg-background dark:data-[state=active]:text-foreground focus-visible:border-ring focus-visible:ring-ring/50 focus-visible:outline-ring dark:data-[state=active]:border-input dark:data-[state=active]:bg-input/30 text-foreground dark:text-muted-foreground inline-flex h-[calc(100%-1px)] flex-1 items-center justify-center gap-1.5 rounded-md border border-transparent px-2 py-1 text-sm font-medium whitespace-nowrap transition-[color,box-shadow] focus-visible:ring-[3px] focus-visible:outline-1 disabled:pointer-events-none disabled:opacity-50 data-[state=active]:shadow-sm [&_svg]:pointer-events-none [&_svg]:shrink-0 [&_svg:not([class*='size-'])]:size-4"
      data-orientation="horizontal"
      data-radix-collection-item=""
      data-slot="tabs-trigger"
      data-state="inactive"
      id="radix-«rb»-trigger-another"
      role="tab"
      tabindex="-1"
      type="button"
    >
      Another
    </button>
  </div>
  <div
    aria-labelledby="radix-«rb»-trigger-available"
    class="flex-1 outline-none"
    data-orientation="horizontal"
    data-slot="tabs-content"
    data-state="active"
    id="radix-«rb»-content-available"
    role="tabpanel"
    style="animation-duration: 0s;"
    tabindex="0"
  >
    <p>
      This tab is available.
    </p>
  </div>
  <div
    aria-labelledby="radix-«rb»-trigger-disabled"
    class="flex-1 outline-none"
    data-orientation="horizontal"
    data-slot="tabs-content"
    data-state="inactive"
    hidden=""
    id="radix-«rb»-content-disabled"
    role="tabpanel"
    tabindex="0"
  />
  <div
    aria-labelledby="radix-«rb»-trigger-another"
    class="flex-1 outline-none"
    data-orientation="horizontal"
    data-slot="tabs-content"
    data-state="inactive"
    hidden=""
    id="radix-«rb»-content-another"
    role="tabpanel"
    tabindex="0"
  />
</div>
`;

exports[`Tabs Component Snapshots > complete tabs examples > renders tabs with icons and mixed content 1`] = `
<div
  class="flex flex-col gap-2"
  data-orientation="horizontal"
  data-slot="tabs"
  dir="ltr"
>
  <div
    aria-orientation="horizontal"
    class="bg-muted text-muted-foreground inline-flex h-9 w-fit items-center justify-center rounded-lg p-[3px]"
    data-orientation="horizontal"
    data-slot="tabs-list"
    role="tablist"
    style="outline: none;"
    tabindex="0"
  >
    <button
      aria-controls="radix-«r7»-content-profile"
      aria-selected="true"
      class="data-[state=active]:bg-background dark:data-[state=active]:text-foreground focus-visible:border-ring focus-visible:ring-ring/50 focus-visible:outline-ring dark:data-[state=active]:border-input dark:data-[state=active]:bg-input/30 text-foreground dark:text-muted-foreground inline-flex h-[calc(100%-1px)] flex-1 items-center justify-center gap-1.5 rounded-md border border-transparent px-2 py-1 text-sm font-medium whitespace-nowrap transition-[color,box-shadow] focus-visible:ring-[3px] focus-visible:outline-1 disabled:pointer-events-none disabled:opacity-50 data-[state=active]:shadow-sm [&_svg]:pointer-events-none [&_svg]:shrink-0 [&_svg:not([class*='size-'])]:size-4"
      data-orientation="horizontal"
      data-radix-collection-item=""
      data-slot="tabs-trigger"
      data-state="active"
      id="radix-«r7»-trigger-profile"
      role="tab"
      tabindex="-1"
      type="button"
    >
      <svg
        aria-hidden="true"
        class="lucide lucide-user"
        fill="none"
        height="24"
        stroke="currentColor"
        stroke-linecap="round"
        stroke-linejoin="round"
        stroke-width="2"
        viewBox="0 0 24 24"
        width="24"
        xmlns="http://www.w3.org/2000/svg"
      >
        <path
          d="M19 21v-2a4 4 0 0 0-4-4H9a4 4 0 0 0-4 4v2"
        />
        <circle
          cx="12"
          cy="7"
          r="4"
        />
      </svg>
      Profile
    </button>
    <button
      aria-controls="radix-«r7»-content-notifications"
      aria-selected="false"
      class="data-[state=active]:bg-background dark:data-[state=active]:text-foreground focus-visible:border-ring focus-visible:ring-ring/50 focus-visible:outline-ring dark:data-[state=active]:border-input dark:data-[state=active]:bg-input/30 text-foreground dark:text-muted-foreground inline-flex h-[calc(100%-1px)] flex-1 items-center justify-center gap-1.5 rounded-md border border-transparent px-2 py-1 text-sm font-medium whitespace-nowrap transition-[color,box-shadow] focus-visible:ring-[3px] focus-visible:outline-1 disabled:pointer-events-none disabled:opacity-50 data-[state=active]:shadow-sm [&_svg]:pointer-events-none [&_svg]:shrink-0 [&_svg:not([class*='size-'])]:size-4"
      data-orientation="horizontal"
      data-radix-collection-item=""
      data-slot="tabs-trigger"
      data-state="inactive"
      id="radix-«r7»-trigger-notifications"
      role="tab"
      tabindex="-1"
      type="button"
    >
      <svg
        aria-hidden="true"
        class="lucide lucide-bell"
        fill="none"
        height="24"
        stroke="currentColor"
        stroke-linecap="round"
        stroke-linejoin="round"
        stroke-width="2"
        viewBox="0 0 24 24"
        width="24"
        xmlns="http://www.w3.org/2000/svg"
      >
        <path
          d="M10.268 21a2 2 0 0 0 3.464 0"
        />
        <path
          d="M3.262 15.326A1 1 0 0 0 4 17h16a1 1 0 0 0 .74-1.673C19.41 13.956 18 12.499 18 8A6 6 0 0 0 6 8c0 4.499-1.411 5.956-2.738 7.326"
        />
      </svg>
      Notifications
    </button>
    <button
      aria-controls="radix-«r7»-content-settings"
      aria-selected="false"
      class="data-[state=active]:bg-background dark:data-[state=active]:text-foreground focus-visible:border-ring focus-visible:ring-ring/50 focus-visible:outline-ring dark:data-[state=active]:border-input dark:data-[state=active]:bg-input/30 text-foreground dark:text-muted-foreground inline-flex h-[calc(100%-1px)] flex-1 items-center justify-center gap-1.5 rounded-md border border-transparent px-2 py-1 text-sm font-medium whitespace-nowrap transition-[color,box-shadow] focus-visible:ring-[3px] focus-visible:outline-1 disabled:pointer-events-none disabled:opacity-50 data-[state=active]:shadow-sm [&_svg]:pointer-events-none [&_svg]:shrink-0 [&_svg:not([class*='size-'])]:size-4"
      data-orientation="horizontal"
      data-radix-collection-item=""
      data-slot="tabs-trigger"
      data-state="inactive"
      id="radix-«r7»-trigger-settings"
      role="tab"
      tabindex="-1"
      type="button"
    >
      <svg
        aria-hidden="true"
        class="lucide lucide-settings"
        fill="none"
        height="24"
        stroke="currentColor"
        stroke-linecap="round"
        stroke-linejoin="round"
        stroke-width="2"
        viewBox="0 0 24 24"
        width="24"
        xmlns="http://www.w3.org/2000/svg"
      >
        <path
          d="M12.22 2h-.44a2 2 0 0 0-2 2v.18a2 2 0 0 1-1 1.73l-.43.25a2 2 0 0 1-2 0l-.15-.08a2 2 0 0 0-2.73.73l-.22.38a2 2 0 0 0 .73 2.73l.15.1a2 2 0 0 1 1 1.72v.51a2 2 0 0 1-1 1.74l-.15.09a2 2 0 0 0-.73 2.73l.22.38a2 2 0 0 0 2.73.73l.15-.08a2 2 0 0 1 2 0l.43.25a2 2 0 0 1 1 1.73V20a2 2 0 0 0 2 2h.44a2 2 0 0 0 2-2v-.18a2 2 0 0 1 1-1.73l.43-.25a2 2 0 0 1 2 0l.15.08a2 2 0 0 0 2.73-.73l.22-.39a2 2 0 0 0-.73-2.73l-.15-.08a2 2 0 0 1-1-1.74v-.5a2 2 0 0 1 1-1.74l.15-.09a2 2 0 0 0 .73-2.73l-.22-.38a2 2 0 0 0-2.73-.73l-.15.08a2 2 0 0 1-2 0l-.43-.25a2 2 0 0 1-1-1.73V4a2 2 0 0 0-2-2z"
        />
        <circle
          cx="12"
          cy="12"
          r="3"
        />
      </svg>
      Settings
    </button>
  </div>
  <div
    aria-labelledby="radix-«r7»-trigger-profile"
    class="flex-1 outline-none"
    data-orientation="horizontal"
    data-slot="tabs-content"
    data-state="active"
    id="radix-«r7»-content-profile"
    role="tabpanel"
    style="animation-duration: 0s;"
    tabindex="0"
  >
    <h3>
      Profile Settings
    </h3>
    <p>
      Manage your profile information.
    </p>
  </div>
  <div
    aria-labelledby="radix-«r7»-trigger-notifications"
    class="flex-1 outline-none"
    data-orientation="horizontal"
    data-slot="tabs-content"
    data-state="inactive"
    hidden=""
    id="radix-«r7»-content-notifications"
    role="tabpanel"
    tabindex="0"
  />
  <div
    aria-labelledby="radix-«r7»-trigger-settings"
    class="flex-1 outline-none"
    data-orientation="horizontal"
    data-slot="tabs-content"
    data-state="inactive"
    hidden=""
    id="radix-«r7»-content-settings"
    role="tabpanel"
    tabindex="0"
  />
</div>
`;
