// Vitest Snapshot v1, https://vitest.dev/guide/snapshot.html

exports[`Button Component Snapshots > combined variants > renders destructive small button 1`] = `
<button
  class="inline-flex items-center justify-center whitespace-nowrap text-sm font-medium transition-all disabled:pointer-events-none disabled:opacity-50 [&_svg]:pointer-events-none [&_svg:not([class*='size-'])]:size-4 shrink-0 [&_svg]:shrink-0 outline-none focus-visible:border-ring focus-visible:ring-[3px] aria-invalid:ring-destructive/20 dark:aria-invalid:ring-destructive/40 aria-invalid:border-destructive bg-destructive text-white shadow-xs hover:bg-destructive/90 focus-visible:ring-destructive/20 dark:focus-visible:ring-destructive/40 dark:bg-destructive/60 h-8 rounded-md gap-1.5 px-3 has-[>svg]:px-2.5"
  data-slot="button"
>
  Delete
</button>
`;

exports[`Button Component Snapshots > combined variants > renders disabled destructive button 1`] = `
<button
  class="inline-flex items-center justify-center gap-2 whitespace-nowrap rounded-md text-sm font-medium transition-all disabled:pointer-events-none disabled:opacity-50 [&_svg]:pointer-events-none [&_svg:not([class*='size-'])]:size-4 shrink-0 [&_svg]:shrink-0 outline-none focus-visible:border-ring focus-visible:ring-[3px] aria-invalid:ring-destructive/20 dark:aria-invalid:ring-destructive/40 aria-invalid:border-destructive bg-destructive text-white shadow-xs hover:bg-destructive/90 focus-visible:ring-destructive/20 dark:focus-visible:ring-destructive/40 dark:bg-destructive/60 h-9 px-4 py-2 has-[>svg]:px-3"
  data-slot="button"
  disabled=""
>
  Disabled Delete
</button>
`;

exports[`Button Component Snapshots > combined variants > renders outline large button 1`] = `
<button
  class="inline-flex items-center justify-center gap-2 whitespace-nowrap text-sm font-medium transition-all disabled:pointer-events-none disabled:opacity-50 [&_svg]:pointer-events-none [&_svg:not([class*='size-'])]:size-4 shrink-0 [&_svg]:shrink-0 outline-none focus-visible:border-ring focus-visible:ring-ring/50 focus-visible:ring-[3px] aria-invalid:ring-destructive/20 dark:aria-invalid:ring-destructive/40 aria-invalid:border-destructive border bg-background shadow-xs hover:bg-accent hover:text-accent-foreground dark:bg-input/30 dark:border-input dark:hover:bg-input/50 h-10 rounded-md px-6 has-[>svg]:px-4"
  data-slot="button"
>
  Large Outline
</button>
`;

exports[`Button Component Snapshots > customization > renders as child component 1`] = `
<a
  class="inline-flex items-center justify-center gap-2 whitespace-nowrap rounded-md text-sm font-medium transition-all disabled:pointer-events-none disabled:opacity-50 [&_svg]:pointer-events-none [&_svg:not([class*='size-'])]:size-4 shrink-0 [&_svg]:shrink-0 outline-none focus-visible:border-ring focus-visible:ring-ring/50 focus-visible:ring-[3px] aria-invalid:ring-destructive/20 dark:aria-invalid:ring-destructive/40 aria-invalid:border-destructive bg-primary text-primary-foreground shadow-xs hover:bg-primary/90 h-9 px-4 py-2 has-[>svg]:px-3"
  data-slot="button"
  href="/test"
>
  Link Button
</a>
`;

exports[`Button Component Snapshots > customization > renders with custom className 1`] = `
<button
  class="inline-flex items-center justify-center gap-2 whitespace-nowrap rounded-md text-sm font-medium transition-all disabled:pointer-events-none disabled:opacity-50 [&_svg]:pointer-events-none [&_svg:not([class*='size-'])]:size-4 shrink-0 [&_svg]:shrink-0 outline-none focus-visible:border-ring focus-visible:ring-ring/50 focus-visible:ring-[3px] aria-invalid:ring-destructive/20 dark:aria-invalid:ring-destructive/40 aria-invalid:border-destructive bg-primary text-primary-foreground shadow-xs hover:bg-primary/90 h-9 px-4 py-2 has-[>svg]:px-3 custom-class"
  data-slot="button"
>
  Custom Button
</button>
`;

exports[`Button Component Snapshots > sizes > renders default size 1`] = `
<button
  class="inline-flex items-center justify-center gap-2 whitespace-nowrap rounded-md text-sm font-medium transition-all disabled:pointer-events-none disabled:opacity-50 [&_svg]:pointer-events-none [&_svg:not([class*='size-'])]:size-4 shrink-0 [&_svg]:shrink-0 outline-none focus-visible:border-ring focus-visible:ring-ring/50 focus-visible:ring-[3px] aria-invalid:ring-destructive/20 dark:aria-invalid:ring-destructive/40 aria-invalid:border-destructive bg-primary text-primary-foreground shadow-xs hover:bg-primary/90 h-9 px-4 py-2 has-[>svg]:px-3"
  data-slot="button"
>
  Default Size
</button>
`;

exports[`Button Component Snapshots > sizes > renders icon size 1`] = `
<button
  class="inline-flex items-center justify-center gap-2 whitespace-nowrap rounded-md text-sm font-medium transition-all disabled:pointer-events-none disabled:opacity-50 [&_svg]:pointer-events-none [&_svg:not([class*='size-'])]:size-4 shrink-0 [&_svg]:shrink-0 outline-none focus-visible:border-ring focus-visible:ring-ring/50 focus-visible:ring-[3px] aria-invalid:ring-destructive/20 dark:aria-invalid:ring-destructive/40 aria-invalid:border-destructive bg-primary text-primary-foreground shadow-xs hover:bg-primary/90 size-9"
  data-slot="button"
>
  ðŸŽ¯
</button>
`;

exports[`Button Component Snapshots > sizes > renders large size 1`] = `
<button
  class="inline-flex items-center justify-center gap-2 whitespace-nowrap text-sm font-medium transition-all disabled:pointer-events-none disabled:opacity-50 [&_svg]:pointer-events-none [&_svg:not([class*='size-'])]:size-4 shrink-0 [&_svg]:shrink-0 outline-none focus-visible:border-ring focus-visible:ring-ring/50 focus-visible:ring-[3px] aria-invalid:ring-destructive/20 dark:aria-invalid:ring-destructive/40 aria-invalid:border-destructive bg-primary text-primary-foreground shadow-xs hover:bg-primary/90 h-10 rounded-md px-6 has-[>svg]:px-4"
  data-slot="button"
>
  Large Size
</button>
`;

exports[`Button Component Snapshots > sizes > renders small size 1`] = `
<button
  class="inline-flex items-center justify-center whitespace-nowrap text-sm font-medium transition-all disabled:pointer-events-none disabled:opacity-50 [&_svg]:pointer-events-none [&_svg:not([class*='size-'])]:size-4 shrink-0 [&_svg]:shrink-0 outline-none focus-visible:border-ring focus-visible:ring-ring/50 focus-visible:ring-[3px] aria-invalid:ring-destructive/20 dark:aria-invalid:ring-destructive/40 aria-invalid:border-destructive bg-primary text-primary-foreground shadow-xs hover:bg-primary/90 h-8 rounded-md gap-1.5 px-3 has-[>svg]:px-2.5"
  data-slot="button"
>
  Small Size
</button>
`;

exports[`Button Component Snapshots > states > renders disabled state 1`] = `
<button
  class="inline-flex items-center justify-center gap-2 whitespace-nowrap rounded-md text-sm font-medium transition-all disabled:pointer-events-none disabled:opacity-50 [&_svg]:pointer-events-none [&_svg:not([class*='size-'])]:size-4 shrink-0 [&_svg]:shrink-0 outline-none focus-visible:border-ring focus-visible:ring-ring/50 focus-visible:ring-[3px] aria-invalid:ring-destructive/20 dark:aria-invalid:ring-destructive/40 aria-invalid:border-destructive bg-primary text-primary-foreground shadow-xs hover:bg-primary/90 h-9 px-4 py-2 has-[>svg]:px-3"
  data-slot="button"
  disabled=""
>
  Disabled Button
</button>
`;

exports[`Button Component Snapshots > states > renders with type submit 1`] = `
<button
  class="inline-flex items-center justify-center gap-2 whitespace-nowrap rounded-md text-sm font-medium transition-all disabled:pointer-events-none disabled:opacity-50 [&_svg]:pointer-events-none [&_svg:not([class*='size-'])]:size-4 shrink-0 [&_svg]:shrink-0 outline-none focus-visible:border-ring focus-visible:ring-ring/50 focus-visible:ring-[3px] aria-invalid:ring-destructive/20 dark:aria-invalid:ring-destructive/40 aria-invalid:border-destructive bg-primary text-primary-foreground shadow-xs hover:bg-primary/90 h-9 px-4 py-2 has-[>svg]:px-3"
  data-slot="button"
  type="submit"
>
  Submit Button
</button>
`;

exports[`Button Component Snapshots > variants > renders default variant 1`] = `
<button
  class="inline-flex items-center justify-center gap-2 whitespace-nowrap rounded-md text-sm font-medium transition-all disabled:pointer-events-none disabled:opacity-50 [&_svg]:pointer-events-none [&_svg:not([class*='size-'])]:size-4 shrink-0 [&_svg]:shrink-0 outline-none focus-visible:border-ring focus-visible:ring-ring/50 focus-visible:ring-[3px] aria-invalid:ring-destructive/20 dark:aria-invalid:ring-destructive/40 aria-invalid:border-destructive bg-primary text-primary-foreground shadow-xs hover:bg-primary/90 h-9 px-4 py-2 has-[>svg]:px-3"
  data-slot="button"
>
  Default Button
</button>
`;

exports[`Button Component Snapshots > variants > renders destructive variant 1`] = `
<button
  class="inline-flex items-center justify-center gap-2 whitespace-nowrap rounded-md text-sm font-medium transition-all disabled:pointer-events-none disabled:opacity-50 [&_svg]:pointer-events-none [&_svg:not([class*='size-'])]:size-4 shrink-0 [&_svg]:shrink-0 outline-none focus-visible:border-ring focus-visible:ring-[3px] aria-invalid:ring-destructive/20 dark:aria-invalid:ring-destructive/40 aria-invalid:border-destructive bg-destructive text-white shadow-xs hover:bg-destructive/90 focus-visible:ring-destructive/20 dark:focus-visible:ring-destructive/40 dark:bg-destructive/60 h-9 px-4 py-2 has-[>svg]:px-3"
  data-slot="button"
>
  Destructive Button
</button>
`;

exports[`Button Component Snapshots > variants > renders ghost variant 1`] = `
<button
  class="inline-flex items-center justify-center gap-2 whitespace-nowrap rounded-md text-sm font-medium transition-all disabled:pointer-events-none disabled:opacity-50 [&_svg]:pointer-events-none [&_svg:not([class*='size-'])]:size-4 shrink-0 [&_svg]:shrink-0 outline-none focus-visible:border-ring focus-visible:ring-ring/50 focus-visible:ring-[3px] aria-invalid:ring-destructive/20 dark:aria-invalid:ring-destructive/40 aria-invalid:border-destructive hover:bg-accent hover:text-accent-foreground dark:hover:bg-accent/50 h-9 px-4 py-2 has-[>svg]:px-3"
  data-slot="button"
>
  Ghost Button
</button>
`;

exports[`Button Component Snapshots > variants > renders link variant 1`] = `
<button
  class="inline-flex items-center justify-center gap-2 whitespace-nowrap rounded-md text-sm font-medium transition-all disabled:pointer-events-none disabled:opacity-50 [&_svg]:pointer-events-none [&_svg:not([class*='size-'])]:size-4 shrink-0 [&_svg]:shrink-0 outline-none focus-visible:border-ring focus-visible:ring-ring/50 focus-visible:ring-[3px] aria-invalid:ring-destructive/20 dark:aria-invalid:ring-destructive/40 aria-invalid:border-destructive text-primary underline-offset-4 hover:underline h-9 px-4 py-2 has-[>svg]:px-3"
  data-slot="button"
>
  Link Button
</button>
`;

exports[`Button Component Snapshots > variants > renders outline variant 1`] = `
<button
  class="inline-flex items-center justify-center gap-2 whitespace-nowrap rounded-md text-sm font-medium transition-all disabled:pointer-events-none disabled:opacity-50 [&_svg]:pointer-events-none [&_svg:not([class*='size-'])]:size-4 shrink-0 [&_svg]:shrink-0 outline-none focus-visible:border-ring focus-visible:ring-ring/50 focus-visible:ring-[3px] aria-invalid:ring-destructive/20 dark:aria-invalid:ring-destructive/40 aria-invalid:border-destructive border bg-background shadow-xs hover:bg-accent hover:text-accent-foreground dark:bg-input/30 dark:border-input dark:hover:bg-input/50 h-9 px-4 py-2 has-[>svg]:px-3"
  data-slot="button"
>
  Outline Button
</button>
`;

exports[`Button Component Snapshots > variants > renders secondary variant 1`] = `
<button
  class="inline-flex items-center justify-center gap-2 whitespace-nowrap rounded-md text-sm font-medium transition-all disabled:pointer-events-none disabled:opacity-50 [&_svg]:pointer-events-none [&_svg:not([class*='size-'])]:size-4 shrink-0 [&_svg]:shrink-0 outline-none focus-visible:border-ring focus-visible:ring-ring/50 focus-visible:ring-[3px] aria-invalid:ring-destructive/20 dark:aria-invalid:ring-destructive/40 aria-invalid:border-destructive bg-secondary text-secondary-foreground shadow-xs hover:bg-secondary/80 h-9 px-4 py-2 has-[>svg]:px-3"
  data-slot="button"
>
  Secondary Button
</button>
`;
